Inputfile	/data/Julie/exon_stitching/exon_stitching/Gene1.csv   Allowing overlap 10
There are 8 Libraries in /data/Julie/exon_stitching/exon_stitching/Gene1
Gene,Taxon,Number of Contigs,GeneLength,Contigs to Keep,Total Overlap,Combined Exon Length,Beginning,End,Beginning,End,ContigName
Gene1,test_suite/Gene.FG_1.best.ed.fasta,1,664,1,0,664,0,664,One_Contig_Full_Gene_1
Gene1,test_suite/Gene.FG_Mult.best.ed.fasta,2,664,1,0,664,0,664,Second_one_contig_full_gene_2
Gene1,test_suite/Gene.OneContig_1.best.ed.fasta,1,664,1,0,187,0,187,One_Contig_1
Gene1,test_suite/Gene.OneContig_2.best.ed.fasta,2,664,1,0,187,0,187,First_contig_1,
Gene1,test_suite/Gene.OneContig_2long.best.ed.fasta,2,664,1,0,187,0,187,OneContig_1,
Gene1,test_suite/Gene.TwoContigs_2.best.ed.fasta,2,664,2,0,447,30,162,349,664,Two_nonOverlap_first_1,Two_nonOverlap_second_2,
Gene1,test_suite/Gene.TwoContigs_Mult.best.ed.fasta,4,664,2,0,176,30,162,620,664,First_1,Fourth_4,
Gene1,test_suite/Gene.TwoContigs_Overlap.best.ed.fasta,3,664,2,0,379,0,218,503,664,First_1,Third_3,
